Archive member included to satisfy reference by file (symbol)

d:/at32ide/platform/tools/gcc-arm-none-eabi-10.3-2021.10/bin/../lib/gcc/arm-none-eabi/10.3.1/../../../../arm-none-eabi/lib/thumb/v7e-m+fp/hard\libg_nano.a(lib_a-exit.o)
                              d:/at32ide/platform/tools/gcc-arm-none-eabi-10.3-2021.10/bin/../lib/gcc/arm-none-eabi/10.3.1/../../../../arm-none-eabi/lib/thumb/v7e-m+fp/hard/crt0.o (exit)
d:/at32ide/platform/tools/gcc-arm-none-eabi-10.3-2021.10/bin/../lib/gcc/arm-none-eabi/10.3.1/../../../../arm-none-eabi/lib/thumb/v7e-m+fp/hard\libg_nano.a(lib_a-impure.o)
                              d:/at32ide/platform/tools/gcc-arm-none-eabi-10.3-2021.10/bin/../lib/gcc/arm-none-eabi/10.3.1/../../../../arm-none-eabi/lib/thumb/v7e-m+fp/hard\libg_nano.a(lib_a-exit.o) (_global_impure_ptr)
d:/at32ide/platform/tools/gcc-arm-none-eabi-10.3-2021.10/bin/../lib/gcc/arm-none-eabi/10.3.1/../../../../arm-none-eabi/lib/thumb/v7e-m+fp/hard\libg_nano.a(lib_a-init.o)
                              d:/at32ide/platform/tools/gcc-arm-none-eabi-10.3-2021.10/bin/../lib/gcc/arm-none-eabi/10.3.1/../../../../arm-none-eabi/lib/thumb/v7e-m+fp/hard/crt0.o (__libc_init_array)
d:/at32ide/platform/tools/gcc-arm-none-eabi-10.3-2021.10/bin/../lib/gcc/arm-none-eabi/10.3.1/../../../../arm-none-eabi/lib/thumb/v7e-m+fp/hard\libg_nano.a(lib_a-memset.o)
                              d:/at32ide/platform/tools/gcc-arm-none-eabi-10.3-2021.10/bin/../lib/gcc/arm-none-eabi/10.3.1/../../../../arm-none-eabi/lib/thumb/v7e-m+fp/hard/crt0.o (memset)
d:/at32ide/platform/tools/gcc-arm-none-eabi-10.3-2021.10/bin/../lib/gcc/arm-none-eabi/10.3.1/../../../../arm-none-eabi/lib/thumb/v7e-m+fp/hard\libg_nano.a(lib_a-setvbuf.o)
                              ./bsp/at32f403a_407_board.o (setvbuf)
d:/at32ide/platform/tools/gcc-arm-none-eabi-10.3-2021.10/bin/../lib/gcc/arm-none-eabi/10.3.1/../../../../arm-none-eabi/lib/thumb/v7e-m+fp/hard\libg_nano.a(lib_a-fflush.o)
                              d:/at32ide/platform/tools/gcc-arm-none-eabi-10.3-2021.10/bin/../lib/gcc/arm-none-eabi/10.3.1/../../../../arm-none-eabi/lib/thumb/v7e-m+fp/hard\libg_nano.a(lib_a-setvbuf.o) (_fflush_r)
d:/at32ide/platform/tools/gcc-arm-none-eabi-10.3-2021.10/bin/../lib/gcc/arm-none-eabi/10.3.1/../../../../arm-none-eabi/lib/thumb/v7e-m+fp/hard\libg_nano.a(lib_a-findfp.o)
                              d:/at32ide/platform/tools/gcc-arm-none-eabi-10.3-2021.10/bin/../lib/gcc/arm-none-eabi/10.3.1/../../../../arm-none-eabi/lib/thumb/v7e-m+fp/hard\libg_nano.a(lib_a-setvbuf.o) (__sinit)
d:/at32ide/platform/tools/gcc-arm-none-eabi-10.3-2021.10/bin/../lib/gcc/arm-none-eabi/10.3.1/../../../../arm-none-eabi/lib/thumb/v7e-m+fp/hard\libg_nano.a(lib_a-fwalk.o)
                              d:/at32ide/platform/tools/gcc-arm-none-eabi-10.3-2021.10/bin/../lib/gcc/arm-none-eabi/10.3.1/../../../../arm-none-eabi/lib/thumb/v7e-m+fp/hard\libg_nano.a(lib_a-findfp.o) (_fwalk)
d:/at32ide/platform/tools/gcc-arm-none-eabi-10.3-2021.10/bin/../lib/gcc/arm-none-eabi/10.3.1/../../../../arm-none-eabi/lib/thumb/v7e-m+fp/hard\libg_nano.a(lib_a-lock.o)
                              d:/at32ide/platform/tools/gcc-arm-none-eabi-10.3-2021.10/bin/../lib/gcc/arm-none-eabi/10.3.1/../../../../arm-none-eabi/lib/thumb/v7e-m+fp/hard\libg_nano.a(lib_a-findfp.o) (__retarget_lock_init_recursive)
d:/at32ide/platform/tools/gcc-arm-none-eabi-10.3-2021.10/bin/../lib/gcc/arm-none-eabi/10.3.1/../../../../arm-none-eabi/lib/thumb/v7e-m+fp/hard\libg_nano.a(lib_a-makebuf.o)
                              d:/at32ide/platform/tools/gcc-arm-none-eabi-10.3-2021.10/bin/../lib/gcc/arm-none-eabi/10.3.1/../../../../arm-none-eabi/lib/thumb/v7e-m+fp/hard\libg_nano.a(lib_a-setvbuf.o) (__swhatbuf_r)
d:/at32ide/platform/tools/gcc-arm-none-eabi-10.3-2021.10/bin/../lib/gcc/arm-none-eabi/10.3.1/../../../../arm-none-eabi/lib/thumb/v7e-m+fp/hard\libg_nano.a(lib_a-malloc.o)
                              d:/at32ide/platform/tools/gcc-arm-none-eabi-10.3-2021.10/bin/../lib/gcc/arm-none-eabi/10.3.1/../../../../arm-none-eabi/lib/thumb/v7e-m+fp/hard\libg_nano.a(lib_a-setvbuf.o) (malloc)
d:/at32ide/platform/tools/gcc-arm-none-eabi-10.3-2021.10/bin/../lib/gcc/arm-none-eabi/10.3.1/../../../../arm-none-eabi/lib/thumb/v7e-m+fp/hard\libg_nano.a(lib_a-nano-freer.o)
                              d:/at32ide/platform/tools/gcc-arm-none-eabi-10.3-2021.10/bin/../lib/gcc/arm-none-eabi/10.3.1/../../../../arm-none-eabi/lib/thumb/v7e-m+fp/hard\libg_nano.a(lib_a-setvbuf.o) (_free_r)
d:/at32ide/platform/tools/gcc-arm-none-eabi-10.3-2021.10/bin/../lib/gcc/arm-none-eabi/10.3.1/../../../../arm-none-eabi/lib/thumb/v7e-m+fp/hard\libg_nano.a(lib_a-nano-mallocr.o)
                              d:/at32ide/platform/tools/gcc-arm-none-eabi-10.3-2021.10/bin/../lib/gcc/arm-none-eabi/10.3.1/../../../../arm-none-eabi/lib/thumb/v7e-m+fp/hard\libg_nano.a(lib_a-findfp.o) (_malloc_r)
[...]
Memory Configuration

Name             Origin             Length             Attributes
FLASH            0x08000000         0x00100000         xr
RAM              0x20000000         0x00018000         xrw
SPIM             0x08400000         0x01000000         xr
*default*        0x00000000         0xffffffff

Linker script and memory map

LOAD d:/at32ide/platform/tools/gcc-arm-none-eabi-10.3-2021.10/bin/../lib/gcc/arm-none-eabi/10.3.1/thumb/v7e-m+fp/hard/crti.o
LOAD d:/at32ide/platform/tools/gcc-arm-none-eabi-10.3-2021.10/bin/../lib/gcc/arm-none-eabi/10.3.1/thumb/v7e-m+fp/hard/crtbegin.o
LOAD d:/at32ide/platform/tools/gcc-arm-none-eabi-10.3-2021.10/bin/../lib/gcc/arm-none-eabi/10.3.1/../../../../arm-none-eabi/lib/thumb/v7e-m+fp/hard/crt0.o
LOAD ./user/at32f403a_407_clock.o
LOAD ./user/at32f403a_407_int.o
LOAD ./user/main.o
LOAD ./user/touch.o
LOAD ./user/xmc_lcd.o
LOAD ./firmware/at32f403a_407_acc.o
LOAD ./firmware/at32f403a_407_adc.o
LOAD ./firmware/at32f403a_407_bpr.o
LOAD ./firmware/at32f403a_407_can.o
LOAD ./firmware/at32f403a_407_crc.o
LOAD ./firmware/at32f403a_407_crm.o
LOAD ./firmware/at32f403a_407_dac.o
LOAD ./firmware/at32f403a_407_debug.o
LOAD ./firmware/at32f403a_407_dma.o
LOAD ./firmware/at32f403a_407_emac.o
LOAD ./firmware/at32f403a_407_exint.o
LOAD ./firmware/at32f403a_407_flash.o
LOAD ./firmware/at32f403a_407_gpio.o
LOAD ./firmware/at32f403a_407_i2c.o
LOAD ./firmware/at32f403a_407_misc.o
LOAD ./firmware/at32f403a_407_pwc.o
LOAD ./firmware/at32f403a_407_rtc.o
LOAD ./firmware/at32f403a_407_sdio.o
LOAD ./firmware/at32f403a_407_spi.o
LOAD ./firmware/at32f403a_407_tmr.o
LOAD ./firmware/at32f403a_407_usart.o
LOAD ./firmware/at32f403a_407_usb.o
LOAD ./firmware/at32f403a_407_wdt.o
LOAD ./firmware/at32f403a_407_wwdt.o
LOAD ./firmware/at32f403a_407_xmc.o
LOAD ./cmsis/startup_at32f403a_407.o
LOAD ./cmsis/system_at32f403a_407.o
LOAD ./bsp/at32f403a_407_board.o
START GROUP
LOAD d:/at32ide/platform/tools/gcc-arm-none-eabi-10.3-2021.10/bin/../lib/gcc/arm-none-eabi/10.3.1/thumb/v7e-m+fp/hard\libgcc.a
LOAD d:/at32ide/platform/tools/gcc-arm-none-eabi-10.3-2021.10/bin/../lib/gcc/arm-none-eabi/10.3.1/../../../../arm-none-eabi/lib/thumb/v7e-m+fp/hard\libg_nano.a
LOAD d:/at32ide/platform/tools/gcc-arm-none-eabi-10.3-2021.10/bin/../lib/gcc/arm-none-eabi/10.3.1/../../../../arm-none-eabi/lib/thumb/v7e-m+fp/hard\libc_nano.a
END GROUP
START GROUP
LOAD d:/at32ide/platform/tools/gcc-arm-none-eabi-10.3-2021.10/bin/../lib/gcc/arm-none-eabi/10.3.1/thumb/v7e-m+fp/hard\libgcc.a
LOAD d:/at32ide/platform/tools/gcc-arm-none-eabi-10.3-2021.10/bin/../lib/gcc/arm-none-eabi/10.3.1/../../../../arm-none-eabi/lib/thumb/v7e-m+fp/hard\libc_nano.a
LOAD d:/at32ide/platform/tools/gcc-arm-none-eabi-10.3-2021.10/bin/../lib/gcc/arm-none-eabi/10.3.1/../../../../arm-none-eabi/lib/thumb/v7e-m+fp/hard\libnosys.a
END GROUP
START GROUP
LOAD d:/at32ide/platform/tools/gcc-arm-none-eabi-10.3-2021.10/bin/../lib/gcc/arm-none-eabi/10.3.1/thumb/v7e-m+fp/hard\libgcc.a
LOAD d:/at32ide/platform/tools/gcc-arm-none-eabi-10.3-2021.10/bin/../lib/gcc/arm-none-eabi/10.3.1/../../../../arm-none-eabi/lib/thumb/v7e-m+fp/hard\libc_nano.a
LOAD d:/at32ide/platform/tools/gcc-arm-none-eabi-10.3-2021.10/bin/../lib/gcc/arm-none-eabi/10.3.1/../../../../arm-none-eabi/lib/thumb/v7e-m+fp/hard\libnosys.a
END GROUP
LOAD d:/at32ide/platform/tools/gcc-arm-none-eabi-10.3-2021.10/bin/../lib/gcc/arm-none-eabi/10.3.1/thumb/v7e-m+fp/hard/crtend.o
LOAD d:/at32ide/platform/tools/gcc-arm-none-eabi-10.3-2021.10/bin/../lib/gcc/arm-none-eabi/10.3.1/thumb/v7e-m+fp/hard/crtn.o
                0x20018000                _estack = 0x20018000
                0x00000200                _Min_Heap_Size = 0x200
                0x00000400                _Min_Stack_Size = 0x400

.isr_vector     0x08000000      0x184
                0x08000000                . = ALIGN (0x4)
 *(.isr_vector)
 .isr_vector    0x08000000      0x184 ./cmsis/startup_at32f403a_407.o
                0x08000000                g_pfnVectors
                0x08000184                . = ALIGN (0x4)

.text           0x08000184     0x2038
                0x08000184                . = ALIGN (0x4)
 *(.text)
 .text          0x08000184       0x40 d:/at32ide/platform/tools/gcc-arm-none-eabi-10.3-2021.10/bin/../lib/gcc/arm-none-eabi/10.3.1/thumb/v7e-m+fp/hard/crtbegin.o
 *(.text*)
 .text.system_clock_config
                0x080001c4       0x7a ./user/at32f403a_407_clock.o
                0x080001c4                system_clock_config
 .text.NMI_Handler
                0x0800023e        0xe ./user/at32f403a_407_int.o
                0x0800023e                NMI_Handler
 .text.HardFault_Handler
                0x0800024c        0x6 ./user/at32f403a_407_int.o
                0x0800024c                HardFault_Handler
 .text.MemManage_Handler
                0x08000252        0x6 ./user/at32f403a_407_int.o
                0x08000252                MemManage_Handler
 .text.BusFault_Handler
                0x08000258        0x6 ./user/at32f403a_407_int.o
                0x08000258                BusFault_Handler
 .text.UsageFault_Handler
                0x0800025e        0x6 ./user/at32f403a_407_int.o
                0x0800025e                UsageFault_Handler
 .text.SVC_Handler
                0x08000264        0xe ./user/at32f403a_407_int.o
                0x08000264                SVC_Handler
 .text.DebugMon_Handler
                0x08000272        0xe ./user/at32f403a_407_int.o
                0x08000272                DebugMon_Handler
 .text.PendSV_Handler
                0x08000280        0xe ./user/at32f403a_407_int.o
                0x08000280                PendSV_Handler
 .text.SysTick_Handler
                0x0800028e        0xe ./user/at32f403a_407_int.o
                0x0800028e                SysTick_Handler
 .text.main     0x0800029c       0x78 ./user/main.o
                0x0800029c                main
 .text.touch_pin_init
                0x08000314      0x13c ./user/touch.o
                0x08000314                touch_pin_init
 .text.touch_read_xy
                0x08000450       0x44 ./user/touch.o
                0x08000450                touch_read_xy
 .text.touch_read_x_or_y
                0x08000494       0xf4 ./user/touch.o
                0x08000494                touch_read_x_or_y
 .text.touch_read_ad
                0x08000588       0x60 ./user/touch.o
                0x08000588                touch_read_ad
 .text.touch_write_1byte
                0x080005e8       0x48 ./user/touch.o
                0x080005e8                touch_write_1byte
 .text.touch_read_1byte
                0x08000630       0x48 ./user/touch.o
                0x08000630                touch_read_1byte
 .text.touch_scan
                0x08000678       0xd0 ./user/touch.o
                0x08000678                touch_scan
 .text.touch_adjust
                0x08000748       0x10 ./user/touch.o
                0x08000748                touch_adjust
 .text.xmc_init
                0x08000758      0x2dc ./user/xmc_lcd.o
                0x08000758                xmc_init
 .text.lcd_init
                0x08000a34      0x318 ./user/xmc_lcd.o
                0x08000a34                lcd_init
 .text.lcd_wr_command
                0x08000d4c       0x20 ./user/xmc_lcd.o
                0x08000d4c                lcd_wr_command
 .text.lcd_wr_data
                0x08000d6c       0x20 ./user/xmc_lcd.o
                0x08000d6c                lcd_wr_data
 .text.lcd_rd_data
                0x08000d8c       0x20 ./user/xmc_lcd.o
                0x08000d8c                lcd_rd_data
 .text.lcd_set_block
                0x08000dac       0x88 ./user/xmc_lcd.o
                0x08000dac                lcd_set_block
 .text.lcd_write_one_point
                0x08000e34       0x1a ./user/xmc_lcd.o
                0x08000e34                lcd_write_one_point
 *fill*         0x08000e4e        0x2 
 .text.lcd_draw_point
                0x08000e50       0x38 ./user/xmc_lcd.o
                0x08000e50                lcd_draw_point
 .text.lcd_clear
                0x08000e88       0x48 ./user/xmc_lcd.o
                0x08000e88                lcd_clear
 .text.crm_reset
                0x08000ed0       0x6c ./firmware/at32f403a_407_crm.o
                0x08000ed0                crm_reset
 .text.crm_flag_get
                0x08000f3c       0x50 ./firmware/at32f403a_407_crm.o
                0x08000f3c                crm_flag_get
 .text.crm_hext_stable_wait
                0x08000f8c       0x4a ./firmware/at32f403a_407_crm.o
                0x08000f8c                crm_hext_stable_wait
 .text.crm_periph_clock_enable
                0x08000fd6       0x7c ./firmware/at32f403a_407_crm.o
                0x08000fd6                crm_periph_clock_enable
 *fill*         0x08001052        0x2 
 .text.crm_clock_source_enable
                0x08001054       0xa8 ./firmware/at32f403a_407_crm.o
                0x08001054                crm_clock_source_enable
 .text.crm_ahb_div_set
                0x080010fc       0x2c ./firmware/at32f403a_407_crm.o
                0x080010fc                crm_ahb_div_set
 .text.crm_apb1_div_set
                0x08001128       0x2c ./firmware/at32f403a_407_crm.o
                0x08001128                crm_apb1_div_set
 .text.crm_apb2_div_set
                0x08001154       0x2c ./firmware/at32f403a_407_crm.o
                0x08001154                crm_apb2_div_set
 .text.crm_pll_config
                0x08001180       0x9c ./firmware/at32f403a_407_crm.o
                0x08001180                crm_pll_config
 .text.crm_sysclk_switch
                0x0800121c       0x2c ./firmware/at32f403a_407_crm.o
                0x0800121c                crm_sysclk_switch
 .text.crm_sysclk_switch_status_get
                0x08001248       0x1c ./firmware/at32f403a_407_crm.o
                0x08001248                crm_sysclk_switch_status_get
 .text.crm_clocks_freq_get
                0x08001264      0x1d4 ./firmware/at32f403a_407_crm.o
                0x08001264                crm_clocks_freq_get
 .text.crm_auto_step_mode_enable
                0x08001438       0x38 ./firmware/at32f403a_407_crm.o
                0x08001438                crm_auto_step_mode_enable
 .text.crm_hext_clock_div_set
                0x08001470       0x2c ./firmware/at32f403a_407_crm.o
                0x08001470                crm_hext_clock_div_set
 .text.gpio_init
                0x0800149c      0x138 ./firmware/at32f403a_407_gpio.o
                0x0800149c                gpio_init
 .text.gpio_default_para_init
                0x080015d4       0x34 ./firmware/at32f403a_407_gpio.o
                0x080015d4                gpio_default_para_init
 .text.gpio_input_data_bit_read
                0x08001608       0x36 ./firmware/at32f403a_407_gpio.o
                0x08001608                gpio_input_data_bit_read
 .text.gpio_bits_set
                0x0800163e       0x1e ./firmware/at32f403a_407_gpio.o
                0x0800163e                gpio_bits_set
 .text.gpio_bits_reset
                0x0800165c       0x1e ./firmware/at32f403a_407_gpio.o
                0x0800165c                gpio_bits_reset
 .text.gpio_pin_remap_config
                0x0800167a       0x98 ./firmware/at32f403a_407_gpio.o
                0x0800167a                gpio_pin_remap_config
 *fill*         0x08001712        0x2 
 .text.systick_clock_source_config
                0x08001714       0x3c ./firmware/at32f403a_407_misc.o
                0x08001714                systick_clock_source_config
 .text.spi_default_para_init
                0x08001750       0x44 ./firmware/at32f403a_407_spi.o
                0x08001750                spi_default_para_init
 .text.spi_init
                0x08001794      0x1a2 ./firmware/at32f403a_407_spi.o
                0x08001794                spi_init
 .text.spi_enable
                0x08001936       0x2a ./firmware/at32f403a_407_spi.o
                0x08001936                spi_enable
 .text.spi_i2s_data_transmit
                0x08001960       0x1e ./firmware/at32f403a_407_spi.o
                0x08001960                spi_i2s_data_transmit
 .text.spi_i2s_data_receive
                0x0800197e       0x1a ./firmware/at32f403a_407_spi.o
                0x0800197e                spi_i2s_data_receive
 .text.spi_i2s_flag_get
                0x08001998       0x32 ./firmware/at32f403a_407_spi.o
                0x08001998                spi_i2s_flag_get
 .text.xmc_nor_sram_init
                0x080019ca       0x8a ./firmware/at32f403a_407_xmc.o
                0x080019ca                xmc_nor_sram_init
 .text.xmc_nor_sram_timing_config
                0x08001a54       0xba ./firmware/at32f403a_407_xmc.o
                0x08001a54                xmc_nor_sram_timing_config
 .text.xmc_norsram_default_para_init
                0x08001b0e       0x66 ./firmware/at32f403a_407_xmc.o
                0x08001b0e                xmc_norsram_default_para_init
 .text.xmc_norsram_timing_default_para_init
                0x08001b74       0x82 ./firmware/at32f403a_407_xmc.o
                0x08001b74                xmc_norsram_timing_default_para_init
 .text.xmc_nor_sram_enable
                0x08001bf6       0x36 ./firmware/at32f403a_407_xmc.o
                0x08001bf6                xmc_nor_sram_enable
 .text.xmc_ext_timing_config
                0x08001c2c       0x56 ./firmware/at32f403a_407_xmc.o
                0x08001c2c                xmc_ext_timing_config
 *fill*         0x08001c82        0x2 
 .text.Reset_Handler
                0x08001c84       0x48 ./cmsis/startup_at32f403a_407.o
                0x08001c84                Reset_Handler
 .text.Default_Handler
                0x08001ccc        0x2 ./cmsis/startup_at32f403a_407.o
                0x08001ccc                SDIO1_IRQHandler
                0x08001ccc                XMC_IRQHandler
                0x08001ccc                EXINT2_IRQHandler
                0x08001ccc                USBFS_L_CAN1_RX0_IRQHandler
                0x08001ccc                UART8_IRQHandler
                0x08001ccc                SPI4_IRQHandler
                0x08001ccc                I2C2_EVT_IRQHandler
                0x08001ccc                TMR1_OVF_TMR10_IRQHandler
                0x08001ccc                TMR8_TRG_HALL_TMR14_IRQHandler
                0x08001ccc                USBFS_H_CAN1_TX_IRQHandler
                0x08001ccc                I2C1_ERR_IRQHandler
                0x08001ccc                EXINT9_5_IRQHandler
                0x08001ccc                EMAC_IRQHandler
                0x08001ccc                CAN2_RX1_IRQHandler
                0x08001ccc                TMR5_GLOBAL_IRQHandler
                0x08001ccc                SDIO2_IRQHandler
                0x08001ccc                ADC1_2_IRQHandler
                0x08001ccc                SPI1_IRQHandler
                0x08001ccc                TAMPER_IRQHandler
                0x08001ccc                CAN2_RX0_IRQHandler
                0x08001ccc                DMA2_Channel2_IRQHandler
                0x08001ccc                DMA1_Channel4_IRQHandler
                0x08001ccc                TMR8_CH_IRQHandler
                0x08001ccc                USART6_IRQHandler
                0x08001ccc                EXINT0_IRQHandler
                0x08001ccc                USART3_IRQHandler
                0x08001ccc                RTC_IRQHandler
                0x08001ccc                DMA1_Channel7_IRQHandler
                0x08001ccc                CAN1_RX1_IRQHandler
                0x08001ccc                UART5_IRQHandler
                0x08001ccc                ADC3_IRQHandler
                0x08001ccc                ACC_IRQHandler
                0x08001ccc                EMAC_WKUP_IRQHandler
                0x08001ccc                DMA2_Channel1_IRQHandler
                0x08001ccc                EXINT3_IRQHandler
                0x08001ccc                DMA1_Channel6_IRQHandler
                0x08001ccc                UART4_IRQHandler
                0x08001ccc                DMA1_Channel1_IRQHandler
                0x08001ccc                Default_Handler
                0x08001ccc                USBFS_MAPH_IRQHandler
                0x08001ccc                TMR3_GLOBAL_IRQHandler
                0x08001ccc                TMR7_GLOBAL_IRQHandler
                0x08001ccc                CAN1_SE_IRQHandler
                0x08001ccc                CAN2_TX_IRQHandler
                0x08001ccc                I2C3_ERR_IRQHandler
                0x08001ccc                SPI3_I2S3EXT_IRQHandler
                0x08001ccc                TMR1_BRK_TMR9_IRQHandler
                0x08001ccc                USBFS_MAPL_IRQHandler
                0x08001ccc                TMR8_BRK_TMR12_IRQHandler
                0x08001ccc                TMR1_TRG_HALL_TMR11_IRQHandler
                0x08001ccc                DMA1_Channel5_IRQHandler
                0x08001ccc                TMR4_GLOBAL_IRQHandler
                0x08001ccc                EXINT4_IRQHandler
                0x08001ccc                CAN2_SE_IRQHandler
                0x08001ccc                DMA2_Channel6_7_IRQHandler
                0x08001ccc                PVM_IRQHandler
                0x08001ccc                I2C3_EVT_IRQHandler
                0x08001ccc                DMA1_Channel3_IRQHandler
                0x08001ccc                I2C1_EVT_IRQHandler
                0x08001ccc                TMR8_OVF_TMR13_IRQHandler
                0x08001ccc                TMR6_GLOBAL_IRQHandler
                0x08001ccc                EXINT1_IRQHandler
                0x08001ccc                RTCAlarm_IRQHandler
                0x08001ccc                DMA2_Channel4_5_IRQHandler
                0x08001ccc                UART7_IRQHandler
                0x08001ccc                USART2_IRQHandler
                0x08001ccc                DMA1_Channel2_IRQHandler
                0x08001ccc                TMR2_GLOBAL_IRQHandler
                0x08001ccc                FLASH_IRQHandler
                0x08001ccc                SPI2_I2S2EXT_IRQHandler
                0x08001ccc                I2C2_ERR_IRQHandler
                0x08001ccc                USBFSWakeUp_IRQHandler
                0x08001ccc                USART1_IRQHandler
                0x08001ccc                TMR1_CH_IRQHandler
                0x08001ccc                CRM_IRQHandler
                0x08001ccc                EXINT15_10_IRQHandler
                0x08001ccc                WWDT_IRQHandler
                0x08001ccc                DMA2_Channel3_IRQHandler
 *fill*         0x08001cce        0x2 
 .text.SystemInit
                0x08001cd0       0x88 ./cmsis/system_at32f403a_407.o
                0x08001cd0                SystemInit
 .text.system_core_clock_update
                0x08001d58      0x150 ./cmsis/system_at32f403a_407.o
                0x08001d58                system_core_clock_update
 .text.at32_board_init
                0x08001ea8       0x34 ./bsp/at32f403a_407_board.o
                0x08001ea8                at32_board_init
 .text.at32_button_init
                0x08001edc       0x44 ./bsp/at32f403a_407_board.o
                0x08001edc                at32_button_init
 .text.at32_led_init
                0x08001f20       0x68 ./bsp/at32f403a_407_board.o
                0x08001f20                at32_led_init
 .text.at32_led_on
                0x08001f88       0x48 ./bsp/at32f403a_407_board.o
                0x08001f88                at32_led_on
 .text.at32_led_off
                0x08001fd0       0x48 ./bsp/at32f403a_407_board.o
                0x08001fd0                at32_led_off
 .text.delay_init
                0x08002018       0x40 ./bsp/at32f403a_407_board.o
                0x08002018                delay_init
 .text.delay_us
                0x08002058       0x6c ./bsp/at32f403a_407_board.o
                0x08002058                delay_us
 .text.delay_ms
                0x080020c4       0x98 ./bsp/at32f403a_407_board.o
                0x080020c4                delay_ms
 .text.__libc_init_array
                0x0800215c       0x48 d:/at32ide/platform/tools/gcc-arm-none-eabi-10.3-2021.10/bin/../lib/gcc/arm-none-eabi/10.3.1/../../../../arm-none-eabi/lib/thumb/v7e-m+fp/hard\libg_nano.a(lib_a-init.o)
                0x0800215c                __libc_init_array
 *(.glue_7)
 .glue_7        0x080021a4        0x0 linker stubs
 *(.glue_7t)
 .glue_7t       0x080021a4        0x0 linker stubs
 *(.eh_frame)
 .eh_frame      0x080021a4        0x0 d:/at32ide/platform/tools/gcc-arm-none-eabi-10.3-2021.10/bin/../lib/gcc/arm-none-eabi/10.3.1/thumb/v7e-m+fp/hard/crtbegin.o
 *(.init)
 .init          0x080021a4        0x4 d:/at32ide/platform/tools/gcc-arm-none-eabi-10.3-2021.10/bin/../lib/gcc/arm-none-eabi/10.3.1/thumb/v7e-m+fp/hard/crti.o
                0x080021a4                _init
 .init          0x080021a8        0x8 d:/at32ide/platform/tools/gcc-arm-none-eabi-10.3-2021.10/bin/../lib/gcc/arm-none-eabi/10.3.1/thumb/v7e-m+fp/hard/crtn.o
 *(.fini)
 .fini          0x080021b0        0x4 d:/at32ide/platform/tools/gcc-arm-none-eabi-10.3-2021.10/bin/../lib/gcc/arm-none-eabi/10.3.1/thumb/v7e-m+fp/hard/crti.o
                0x080021b0                _fini
 .fini          0x080021b4        0x8 d:/at32ide/platform/tools/gcc-arm-none-eabi-10.3-2021.10/bin/../lib/gcc/arm-none-eabi/10.3.1/thumb/v7e-m+fp/hard/crtn.o
                0x080021bc                . = ALIGN (0x4)
                0x080021bc                _etext = .

.vfp11_veneer   0x080021bc        0x0
 .vfp11_veneer  0x080021bc        0x0 linker stubs

.v4_bx          0x080021bc        0x0
 .v4_bx         0x080021bc        0x0 linker stubs

.iplt           0x080021bc        0x0
 .iplt          0x080021bc        0x0 d:/at32ide/platform/tools/gcc-arm-none-eabi-10.3-2021.10/bin/../lib/gcc/arm-none-eabi/10.3.1/thumb/v7e-m+fp/hard/crtbegin.o

.rodata         0x080021bc       0x38
                0x080021bc                . = ALIGN (0x4)
 *(.rodata)
 .rodata        0x080021bc       0x28 ./firmware/at32f403a_407_crm.o
 .rodata        0x080021e4       0x10 ./cmsis/system_at32f403a_407.o
 *(.rodata*)
                0x080021f4                . = ALIGN (0x4)

.rel.dyn        0x080021f4        0x0
 .rel.iplt      0x080021f4        0x0 d:/at32ide/platform/tools/gcc-arm-none-eabi-10.3-2021.10/bin/../lib/gcc/arm-none-eabi/10.3.1/thumb/v7e-m+fp/hard/crtbegin.o

.ARM.extab
 *(.ARM.extab* .gnu.linkonce.armextab.*)

.ARM            0x080021f4        0x0
                0x080021f4                __exidx_start = .
 *(.ARM.exidx*)
                0x080021f4                __exidx_end = .

.preinit_array  0x080021f4        0x0
                0x080021f4                PROVIDE (__preinit_array_start = .)
 *(.preinit_array*)
                0x080021f4                PROVIDE (__preinit_array_end = .)

.init_array     0x080021f4        0x4
                0x080021f4                PROVIDE (__init_array_start = .)
 *(SORT_BY_NAME(.init_array.*))
 *(.init_array*)
 .init_array    0x080021f4        0x4 d:/at32ide/platform/tools/gcc-arm-none-eabi-10.3-2021.10/bin/../lib/gcc/arm-none-eabi/10.3.1/thumb/v7e-m+fp/hard/crtbegin.o
                0x080021f8                PROVIDE (__init_array_end = .)

.fini_array     0x080021f8        0x4
                [!provide]                PROVIDE (__fini_array_start = .)
 *(SORT_BY_NAME(.fini_array.*))
 *(.fini_array*)
 .fini_array    0x080021f8        0x4 d:/at32ide/platform/tools/gcc-arm-none-eabi-10.3-2021.10/bin/../lib/gcc/arm-none-eabi/10.3.1/thumb/v7e-m+fp/hard/crtbegin.o
                [!provide]                PROVIDE (__fini_array_end = .)
                0x080021fc                _sidata = LOADADDR (.data)

.data           0x20000000       0x6c load address 0x080021fc
                0x20000000                . = ALIGN (0x4)
                0x20000000                _sdata = .
 *(.data)
 .data          0x20000000       0x2a ./user/touch.o
                0x20000000                touch_dev_struct
                0x20000028                cmd_rdx
                0x20000029                cmd_rdy
 *fill*         0x2000002a        0x2 
 .data          0x2000002c       0x18 ./user/xmc_lcd.o
                0x2000002c                lcd_dev_struct
 .data          0x20000044        0x4 ./cmsis/system_at32f403a_407.o
                0x20000044                system_core_clock
 .data          0x20000048       0x21 ./bsp/at32f403a_407_board.o
                0x20000048                led_gpio_port
                0x20000054                led_gpio_pin
                0x2000005c                led_gpio_crm_clk
 *(.data*)
                0x2000006c                . = ALIGN (0x4)
 *fill*         0x20000069        0x3 
                0x2000006c                _edata = .
                0x08400000                _spim_init_base = LOADADDR (.spim)
                0x00000000                _spim_init_length = SIZEOF (.spim)

.igot.plt       0x2000006c        0x0 load address 0x08002268
 .igot.plt      0x2000006c        0x0 d:/at32ide/platform/tools/gcc-arm-none-eabi-10.3-2021.10/bin/../lib/gcc/arm-none-eabi/10.3.1/thumb/v7e-m+fp/hard/crtbegin.o

.spim           0x08400000        0x0
                0x08400000                . = ALIGN (0x4)
                0x08400000                _spim_start = .
 *(.spim)
 *(.spim*)
                0x08400000                . = ALIGN (0x4)
                0x08400000                _spim_end = .
                0x08400000                . = ALIGN (0x4)

.bss            0x2000006c       0x50
                0x2000006c                _sbss = .
                0x2000006c                __bss_start__ = _sbss
 *(.bss)
 .bss           0x2000006c       0x1c d:/at32ide/platform/tools/gcc-arm-none-eabi-10.3-2021.10/bin/../lib/gcc/arm-none-eabi/10.3.1/thumb/v7e-m+fp/hard/crtbegin.o
 .bss           0x20000088       0x1a ./user/main.o
                0x2000008c                crm_clocks_freq_struct
                0x200000a0                point_color
 *fill*         0x200000a2        0x2 
 .bss           0x200000a4        0x8 ./user/touch.o
                0x200000a8                touch_struct
 .bss           0x200000ac        0x8 ./user/xmc_lcd.o
                0x200000b0                lcd_struct
 .bss           0x200000b4        0x8 ./bsp/at32f403a_407_board.o
 *(.bss*)
 *(COMMON)
                0x200000bc                . = ALIGN (0x4)
                0x200000bc                _ebss = .
                0x200000bc                __bss_end__ = _ebss

._user_heap_stack
                0x200000bc      0x604
                0x200000c0                . = ALIGN (0x8)
 *fill*         0x200000bc        0x4 
                0x200000c0                PROVIDE (end = .)
                [!provide]                PROVIDE (_end = .)
                0x200002c0                . = (. + _Min_Heap_Size)
 *fill*         0x200000c0      0x200 
                0x200006c0                . = (. + _Min_Stack_Size)
 *fill*         0x200002c0      0x400 
                0x200006c0                . = ALIGN (0x8)

/DISCARD/
 libc.a(*)
 libm.a(*)
 libgcc.a(*)

.ARM.attributes
                0x00000000       0x30
 *(.ARM.attributes)
 .ARM.attributes
                0x00000000       0x1e d:/at32ide/platform/tools/gcc-arm-none-eabi-10.3-2021.10/bin/../lib/gcc/arm-none-eabi/10.3.1/thumb/v7e-m+fp/hard/crti.o
 .ARM.attributes
                0x0000001e       0x34 d:/at32ide/platform/tools/gcc-arm-none-eabi-10.3-2021.10/bin/../lib/gcc/arm-none-eabi/10.3.1/thumb/v7e-m+fp/hard/crtbegin.o
 .ARM.attributes
                0x00000052       0x34 ./user/at32f403a_407_clock.o
 .ARM.attributes
                0x00000086       0x34 ./user/at32f403a_407_int.o
 .ARM.attributes
                0x000000ba       0x34 ./user/main.o
 .ARM.attributes
                0x000000ee       0x34 ./user/touch.o
 .ARM.attributes
                0x00000122       0x34 ./user/xmc_lcd.o
 .ARM.attributes
                0x00000156       0x34 ./firmware/at32f403a_407_crm.o
 .ARM.attributes
                0x0000018a       0x34 ./firmware/at32f403a_407_gpio.o
 .ARM.attributes
                0x000001be       0x34 ./firmware/at32f403a_407_misc.o
 .ARM.attributes
                0x000001f2       0x34 ./firmware/at32f403a_407_spi.o
 .ARM.attributes
                0x00000226       0x34 ./firmware/at32f403a_407_xmc.o
 .ARM.attributes
                0x0000025a       0x21 ./cmsis/startup_at32f403a_407.o
 .ARM.attributes
                0x0000027b       0x34 ./cmsis/system_at32f403a_407.o
 .ARM.attributes
                0x000002af       0x34 ./bsp/at32f403a_407_board.o
 .ARM.attributes
                0x000002e3       0x34 d:/at32ide/platform/tools/gcc-arm-none-eabi-10.3-2021.10/bin/../lib/gcc/arm-none-eabi/10.3.1/../../../../arm-none-eabi/lib/thumb/v7e-m+fp/hard\libg_nano.a(lib_a-init.o)
 .ARM.attributes
                0x00000317       0x1e d:/at32ide/platform/tools/gcc-arm-none-eabi-10.3-2021.10/bin/../lib/gcc/arm-none-eabi/10.3.1/thumb/v7e-m+fp/hard/crtn.o
OUTPUT(lcd_touch_16bit.elf elf32-littlearm)
LOAD linker stubs
LOAD d:/at32ide/platform/tools/gcc-arm-none-eabi-10.3-2021.10/bin/../lib/gcc/arm-none-eabi/10.3.1/../../../../arm-none-eabi/lib/thumb/v7e-m+fp/hard\libc.a
LOAD d:/at32ide/platform/tools/gcc-arm-none-eabi-10.3-2021.10/bin/../lib/gcc/arm-none-eabi/10.3.1/../../../../arm-none-eabi/lib/thumb/v7e-m+fp/hard\libm.a
LOAD d:/at32ide/platform/tools/gcc-arm-none-eabi-10.3-2021.10/bin/../lib/gcc/arm-none-eabi/10.3.1/thumb/v7e-m+fp/hard\libgcc.a

.debug_info     0x00000000     0xe206
 .debug_info    0x00000000      0x3cc ./user/at32f403a_407_clock.o
 .debug_info    0x000003cc      0x10e ./user/at32f403a_407_int.o
 .debug_info    0x000004da      0x3a3 ./user/main.o
 .debug_info    0x0000087d     0x1b07 ./user/touch.o
 .debug_info    0x00002384     0x1697 ./user/xmc_lcd.o
 .debug_info    0x00003a1b     0x2336 ./firmware/at32f403a_407_crm.o
 .debug_info    0x00005d51     0x1f20 ./firmware/at32f403a_407_gpio.o
 .debug_info    0x00007c71      0x9de ./firmware/at32f403a_407_misc.o
 .debug_info    0x0000864f     0x11dc ./firmware/at32f403a_407_spi.o
 .debug_info    0x0000982b     0x11dc ./firmware/at32f403a_407_xmc.o
 .debug_info    0x0000aa07       0x22 ./cmsis/startup_at32f403a_407.o
 .debug_info    0x0000aa29     0x1596 ./cmsis/system_at32f403a_407.o
 .debug_info    0x0000bfbf     0x2247 ./bsp/at32f403a_407_board.o

.debug_abbrev   0x00000000     0x170e
 .debug_abbrev  0x00000000       0x78 ./user/at32f403a_407_clock.o
 .debug_abbrev  0x00000078       0x44 ./user/at32f403a_407_int.o
 .debug_abbrev  0x000000bc      0x156 ./user/main.o
 .debug_abbrev  0x00000212      0x258 ./user/touch.o
 .debug_abbrev  0x0000046a      0x250 ./user/xmc_lcd.o
 .debug_abbrev  0x000006ba      0x229 ./firmware/at32f403a_407_crm.o
 .debug_abbrev  0x000008e3      0x215 ./firmware/at32f403a_407_gpio.o
 .debug_abbrev  0x00000af8      0x245 ./firmware/at32f403a_407_misc.o
 .debug_abbrev  0x00000d3d      0x212 ./firmware/at32f403a_407_spi.o
 .debug_abbrev  0x00000f4f      0x235 ./firmware/at32f403a_407_xmc.o
 .debug_abbrev  0x00001184       0x12 ./cmsis/startup_at32f403a_407.o
 .debug_abbrev  0x00001196      0x187 ./cmsis/system_at32f403a_407.o
 .debug_abbrev  0x0000131d      0x3f1 ./bsp/at32f403a_407_board.o

.debug_aranges  0x00000000      0x610
 .debug_aranges
                0x00000000       0x20 ./user/at32f403a_407_clock.o
 .debug_aranges
                0x00000020       0x60 ./user/at32f403a_407_int.o
 .debug_aranges
                0x00000080       0x20 ./user/main.o
 .debug_aranges
                0x000000a0       0x58 ./user/touch.o
 .debug_aranges
                0x000000f8       0x60 ./user/xmc_lcd.o
 .debug_aranges
                0x00000158      0x130 ./firmware/at32f403a_407_crm.o
 .debug_aranges
                0x00000288       0xa8 ./firmware/at32f403a_407_gpio.o
 .debug_aranges
                0x00000330       0x88 ./firmware/at32f403a_407_misc.o
 .debug_aranges
                0x000003b8       0xd0 ./firmware/at32f403a_407_spi.o
 .debug_aranges
                0x00000488       0xa8 ./firmware/at32f403a_407_xmc.o
 .debug_aranges
                0x00000530       0x28 ./cmsis/startup_at32f403a_407.o
 .debug_aranges
                0x00000558       0x28 ./cmsis/system_at32f403a_407.o
 .debug_aranges
                0x00000580       0x90 ./bsp/at32f403a_407_board.o

.debug_ranges   0x00000000      0x548
 .debug_ranges  0x00000000       0x10 ./user/at32f403a_407_clock.o
 .debug_ranges  0x00000010       0x50 ./user/at32f403a_407_int.o
 .debug_ranges  0x00000060       0x10 ./user/main.o
 .debug_ranges  0x00000070       0x48 ./user/touch.o
 .debug_ranges  0x000000b8       0x50 ./user/xmc_lcd.o
 .debug_ranges  0x00000108      0x120 ./firmware/at32f403a_407_crm.o
 .debug_ranges  0x00000228       0x98 ./firmware/at32f403a_407_gpio.o
 .debug_ranges  0x000002c0       0x78 ./firmware/at32f403a_407_misc.o
 .debug_ranges  0x00000338       0xc0 ./firmware/at32f403a_407_spi.o
 .debug_ranges  0x000003f8       0x98 ./firmware/at32f403a_407_xmc.o
 .debug_ranges  0x00000490       0x20 ./cmsis/startup_at32f403a_407.o
 .debug_ranges  0x000004b0       0x18 ./cmsis/system_at32f403a_407.o
 .debug_ranges  0x000004c8       0x80 ./bsp/at32f403a_407_board.o

.debug_line     0x00000000     0x35a4
 .debug_line    0x00000000      0x1dd ./user/at32f403a_407_clock.o
 .debug_line    0x000001dd       0xfc ./user/at32f403a_407_int.o
 .debug_line    0x000002d9      0x208 ./user/main.o
 .debug_line    0x000004e1      0x438 ./user/touch.o
 .debug_line    0x00000919      0x498 ./user/xmc_lcd.o
 .debug_line    0x00000db1      0x820 ./firmware/at32f403a_407_crm.o
 .debug_line    0x000015d1      0x581 ./firmware/at32f403a_407_gpio.o
 .debug_line    0x00001b52      0x441 ./firmware/at32f403a_407_misc.o
 .debug_line    0x00001f93      0x63c ./firmware/at32f403a_407_spi.o
 .debug_line    0x000025cf      0x5e9 ./firmware/at32f403a_407_xmc.o
 .debug_line    0x00002bb8       0x7c ./cmsis/startup_at32f403a_407.o
 .debug_line    0x00002c34      0x339 ./cmsis/system_at32f403a_407.o
 .debug_line    0x00002f6d      0x637 ./bsp/at32f403a_407_board.o

.debug_str      0x00000000     0x5aa8
 .debug_str     0x00000000      0x7ca ./user/at32f403a_407_clock.o
                                0x80d (size before relaxing)
 .debug_str     0x000007ca       0xac ./user/at32f403a_407_int.o
                                0x202 (size before relaxing)
 .debug_str     0x00000876      0x2dd ./user/main.o
                                0x473 (size before relaxing)
 .debug_str     0x00000b53      0xec3 ./user/touch.o
                               0x1281 (size before relaxing)
 .debug_str     0x00001a16      0x5cd ./user/xmc_lcd.o
                               0x1309 (size before relaxing)
 .debug_str     0x00001fe3     0x1406 ./firmware/at32f403a_407_crm.o
                               0x2147 (size before relaxing)
 .debug_str     0x000033e9      0x894 ./firmware/at32f403a_407_gpio.o
                               0x13ae (size before relaxing)
 .debug_str     0x00003c7d      0x921 ./firmware/at32f403a_407_misc.o
                                0xae9 (size before relaxing)
 .debug_str     0x0000459e      0x6c9 ./firmware/at32f403a_407_spi.o
                               0x11d6 (size before relaxing)
 .debug_str     0x00004c67      0x776 ./firmware/at32f403a_407_xmc.o
                                0xed0 (size before relaxing)
 .debug_str     0x000053dd       0x2f ./cmsis/startup_at32f403a_407.o
                                 0x6d (size before relaxing)
 .debug_str     0x0000540c       0x68 ./cmsis/system_at32f403a_407.o
                                0xb06 (size before relaxing)
 .debug_str     0x00005474      0x634 ./bsp/at32f403a_407_board.o
                               0x143a (size before relaxing)

.comment        0x00000000       0x49
 .comment       0x00000000       0x49 ./user/at32f403a_407_clock.o
                                 0x4a (size before relaxing)
 .comment       0x00000049       0x4a ./user/at32f403a_407_int.o
 .comment       0x00000049       0x4a ./user/main.o
 .comment       0x00000049       0x4a ./user/touch.o
 .comment       0x00000049       0x4a ./user/xmc_lcd.o
 .comment       0x00000049       0x4a ./firmware/at32f403a_407_crm.o
 .comment       0x00000049       0x4a ./firmware/at32f403a_407_gpio.o
 .comment       0x00000049       0x4a ./firmware/at32f403a_407_misc.o
 .comment       0x00000049       0x4a ./firmware/at32f403a_407_spi.o
 .comment       0x00000049       0x4a ./firmware/at32f403a_407_xmc.o
 .comment       0x00000049       0x4a ./cmsis/system_at32f403a_407.o
 .comment       0x00000049       0x4a ./bsp/at32f403a_407_board.o

.debug_frame    0x00000000     0x1770
 .debug_frame   0x00000000       0x2c ./user/at32f403a_407_clock.o
 .debug_frame   0x0000002c      0x110 ./user/at32f403a_407_int.o
 .debug_frame   0x0000013c       0x2c ./user/main.o
 .debug_frame   0x00000168      0x130 ./user/touch.o
 .debug_frame   0x00000298      0x16c ./user/xmc_lcd.o
 .debug_frame   0x00000404      0x568 ./firmware/at32f403a_407_crm.o
 .debug_frame   0x0000096c      0x2d0 ./firmware/at32f403a_407_gpio.o
 .debug_frame   0x00000c3c      0x210 ./firmware/at32f403a_407_misc.o
 .debug_frame   0x00000e4c      0x3a4 ./firmware/at32f403a_407_spi.o
 .debug_frame   0x000011f0      0x2e0 ./firmware/at32f403a_407_xmc.o
 .debug_frame   0x000014d0       0x54 ./cmsis/system_at32f403a_407.o
 .debug_frame   0x00001524      0x220 ./bsp/at32f403a_407_board.o
 .debug_frame   0x00001744       0x2c d:/at32ide/platform/tools/gcc-arm-none-eabi-10.3-2021.10/bin/../lib/gcc/arm-none-eabi/10.3.1/../../../../arm-none-eabi/lib/thumb/v7e-m+fp/hard\libg_nano.a(lib_a-init.o)

.stabstr        0x00000000      0x117
 .stabstr       0x00000000      0x117 d:/at32ide/platform/tools/gcc-arm-none-eabi-10.3-2021.10/bin/../lib/gcc/arm-none-eabi/10.3.1/../../../../arm-none-eabi/lib/thumb/v7e-m+fp/hard\libnosys.a(close.o)
